False  # map is not addressable
False  # same output, parentheses for arg
False
False
False
True
True
True
